
> javiermix-v2@2.1.0 build
> astro build

[2m22:33:58[22m [34m[@astrojs/node][39m Enabling sessions with filesystem storage
[2m22:33:59[22m [34m[content][39m Syncing content
[33m[1m22:33:59[22m [WARN] [glob-loader][39m No files found matching "**/*.{md,mdx}" in directory "src\content\coleccion"
[33m[1m22:33:59[22m [WARN] [glob-loader][39m No files found matching "**/*.{md,mdx}" in directory "src\content\revista"
[2m22:33:59[22m [34m[content][39m Synced content
[2m22:33:59[22m [34m[types][39m Generated [2m355ms[22m
[2m22:33:59[22m [34m[build][39m output: [34m"server"[39m
[2m22:33:59[22m [34m[build][39m mode: [34m"server"[39m
[2m22:33:59[22m [34m[build][39m directory: [34mD:\web_javiermix\JAVIERMIX-AR-0504\dist\[39m
[2m22:33:59[22m [34m[build][39m adapter: [32m@astrojs/node[39m
[2m22:33:59[22m [34m[build][39m Collecting build info...
[2m22:33:59[22m [34m[build][39m [32mÔ£ô Completed in 377ms.[39m
[2m22:33:59[22m [34m[build][39m Building server entrypoints...
[2m22:33:59[22m [34m[vite][39m [32mÔ£ô built in 487ms[39m
[33m[1m22:34:00[22m [WARN] [vite][39m [33msrc/pages/api/webhook.js (1:9): "updateOrder" is not exported by "src/conexion/directus.ts", imported by "src/pages/api/webhook.js".[39m
[2m22:34:00[22m [34m[vite][39m [32mÔ£ô built in 907ms[39m
node.exe : [31m[1m22:34:00[22m [ERROR] [vite][39m [31mÔ£ù[39m Build failed in 164ms
En línea: 1 Carácter: 1
+ & "C:\Program Files\nodejs/node.exe" "C:\Program Files\nodejs/node_mo ...
+ ~~~~~~~~~~~~~~~~~~~~~~~~~~~~~~~~~~~~~~~~~~~~~~~~~~~~~~~~~~~~~~~~~~~~~
    + CategoryInfo          : NotSpecified: ([31m[1m22:34:...failed in 164ms:String) [], RemoteException
    + FullyQualifiedErrorId : NativeCommandError
 
[33m[1m22:34:00[22m [WARN] [vite][39m [33m[plugin vite:resolve] Module "path" has been externalized for browser compatibility, imported by "D:/web_javiermix/JAVIERMIX-AR-0504/node_modules/dotenv/lib/main.js". See https://vite.dev/guide/troubleshooting.html#module-externalized-for-browser-compatibility for more details.[39m
[33m[1m22:34:00[22m [WARN] [vite][39m [33m[plugin vite:resolve] Module "os" has been externalized for browser compatibility, imported by "D:/web_javiermix/JAVIERMIX-AR-0504/node_modules/dotenv/lib/main.js". See https://vite.dev/guide/troubleshooting.html#module-externalized-for-browser-compatibility for more details.[39m
[33m[1m22:34:00[22m [WARN] [vite][39m [33m[plugin vite:resolve] Module "crypto" has been externalized for browser compatibility, imported by "D:/web_javiermix/JAVIERMIX-AR-0504/node_modules/dotenv/lib/main.js". See https://vite.dev/guide/troubleshooting.html#module-externalized-for-browser-compatibility for more details.[39m
[33m[1m22:34:00[22m [WARN] [vite][39m [33m[plugin vite:resolve] Module "events" has been externalized for browser compatibility, imported by "D:/web_javiermix/JAVIERMIX-AR-0504/node_modules/ioredis/built/Redis.js". See https://vite.dev/guide/troubleshooting.html#module-externalized-for-browser-compatibility for more details.[39m
[33m[1m22:34:00[22m [WARN] [vite][39m [33m[plugin vite:resolve] Module "stream" has been externalized for browser compatibility, imported by "D:/web_javiermix/JAVIERMIX-AR-0504/node_modules/ioredis/built/ScanStream.js". See https://vite.dev/guide/troubleshooting.html#module-externalized-for-browser-compatibility for more details.[39m
[33m[1m22:34:00[22m [WARN] [vite][39m [33m[plugin vite:resolve] Module "events" has been externalized for browser compatibility, imported by "D:/web_javiermix/JAVIERMIX-AR-0504/node_modules/ioredis/built/cluster/index.js". See https://vite.dev/guide/troubleshooting.html#module-externalized-for-browser-compatibility for more details.[39m
[33m[1m22:34:00[22m [WARN] [vite][39m [33m[plugin vite:resolve] Module "net" has been externalized for browser compatibility, imported by "D:/web_javiermix/JAVIERMIX-AR-0504/node_modules/ioredis/built/connectors/SentinelConnector/index.js". See https://vite.dev/guide/troubleshooting.html#module-externalized-for-browser-compatibility for more details.[39m
[33m[1m22:34:00[22m [WARN] [vite][39m [33m[plugin vite:resolve] Module "tls" has been externalized for browser compatibility, imported by "D:/web_javiermix/JAVIERMIX-AR-0504/node_modules/ioredis/built/connectors/SentinelConnector/index.js". See https://vite.dev/guide/troubleshooting.html#module-externalized-for-browser-compatibility for more details.[39m
[33m[1m22:34:00[22m [WARN] [vite][39m [33m[plugin vite:resolve] Module "util" has been externalized for browser compatibility, imported by "D:/web_javiermix/JAVIERMIX-AR-0504/node_modules/ioredis/built/Pipeline.js". See https://vite.dev/guide/troubleshooting.html#module-externalized-for-browser-compatibility for more details.[39m
[33m[1m22:34:00[22m [WARN] [vite][39m [33m[plugin vite:resolve] Module "fs" has been externalized for browser compatibility, imported by "D:/web_javiermix/JAVIERMIX-AR-0504/node_modules/ioredis/built/utils/index.js". See https://vite.dev/guide/troubleshooting.html#module-externalized-for-browser-compatibility for more details.[39m
[33m[1m22:34:00[22m [WARN] [vite][39m [33m[plugin vite:resolve] Module "path" has been externalized for browser compatibility, imported by "D:/web_javiermix/JAVIERMIX-AR-0504/node_modules/ioredis/built/utils/index.js". See https://vite.dev/guide/troubleshooting.html#module-externalized-for-browser-compatibility for more details.[39m
[33m[1m22:34:00[22m [WARN] [vite][39m [33m[plugin vite:resolve] Module "url" has been externalized for browser compatibility, imported by "D:/web_javiermix/JAVIERMIX-AR-0504/node_modules/ioredis/built/utils/index.js". See https://vite.dev/guide/troubleshooting.html#module-externalized-for-browser-compatibility for more details.[39m
[33m[1m22:34:00[22m [WARN] [vite][39m [33m[plugin vite:resolve] Module "events" has been externalized for browser compatibility, imported by "D:/web_javiermix/JAVIERMIX-AR-0504/node_modules/ioredis/built/cluster/ConnectionPool.js". See https://vite.dev/guide/troubleshooting.html#module-externalized-for-browser-compatibility for more details.[39m
[33m[1m22:34:00[22m [WARN] [vite][39m [33m[plugin vite:resolve] Module "net" has been externalized for browser compatibility, imported by "D:/web_javiermix/JAVIERMIX-AR-0504/node_modules/ioredis/built/cluster/util.js". See https://vite.dev/guide/troubleshooting.html#module-externalized-for-browser-compatibility for more details.[39m
[33m[1m22:34:00[22m [WARN] [vite][39m [33m[plugin vite:resolve] Module "assert" has been externalized for browser compatibility, imported by "D:/web_javiermix/JAVIERMIX-AR-0504/node_modules/redis-errors/lib/modern.js". See https://vite.dev/guide/troubleshooting.html#module-externalized-for-browser-compatibility for more details.[39m
[33m[1m22:34:00[22m [WARN] [vite][39m [33m[plugin vite:resolve] Module "assert" has been externalized for browser compatibility, imported by "D:/web_javiermix/JAVIERMIX-AR-0504/node_modules/redis-errors/lib/old.js". See https://vite.dev/guide/troubleshooting.html#module-externalized-for-browser-compatibility for more details.[39m
[33m[1m22:34:00[22m [WARN] [vite][39m [33m[plugin vite:resolve] Module "util" has been externalized for browser compatibility, imported by "D:/web_javiermix/JAVIERMIX-AR-0504/node_modules/redis-errors/lib/old.js". See https://vite.dev/guide/troubleshooting.html#module-externalized-for-browser-compatibility for more details.[39m
[33m[1m22:34:00[22m [WARN] [vite][39m [33m[plugin vite:resolve] Module "dns" has been externalized for browser compatibility, imported by "D:/web_javiermix/JAVIERMIX-AR-0504/node_modules/ioredis/built/cluster/ClusterOptions.js". See https://vite.dev/guide/troubleshooting.html#module-externalized-for-browser-compatibility for more details.[39m
[33m[1m22:34:00[22m [WARN] [vite][39m [33m[plugin vite:resolve] Module "net" has been externalized for browser compatibility, imported by "D:/web_javiermix/JAVIERMIX-AR-0504/node_modules/ioredis/built/connectors/StandaloneConnector.js". See https://vite.dev/guide/troubleshooting.html#module-externalized-for-browser-compatibility for more details.[39m
[33m[1m22:34:00[22m [WARN] [vite][39m [33m[plugin vite:resolve] Module "tls" has been externalized for browser compatibility, imported by "D:/web_javiermix/JAVIERMIX-AR-0504/node_modules/ioredis/built/connectors/StandaloneConnector.js". See https://vite.dev/guide/troubleshooting.html#module-externalized-for-browser-compatibility for more details.[39m
[33m[1m22:34:00[22m [WARN] [vite][39m [33m[plugin vite:resolve] Module "crypto" has been externalized for browser compatibility, imported by "D:/web_javiermix/JAVIERMIX-AR-0504/node_modules/ioredis/built/Script.js". See https://vite.dev/guide/troubleshooting.html#module-externalized-for-browser-compatibility for more details.[39m
[33m[1m22:34:00[22m [WARN] [vite][39m [33m[plugin vite:resolve] Module "buffer" has been externalized for browser compatibility, imported by "D:/web_javiermix/JAVIERMIX-AR-0504/node_modules/redis-parser/lib/parser.js". See https://vite.dev/guide/troubleshooting.html#module-externalized-for-browser-compatibility for more details.[39m
[33m[1m22:34:00[22m [WARN] [vite][39m [33m[plugin vite:resolve] Module "string_decoder" has been externalized for browser compatibility, imported by "D:/web_javiermix/JAVIERMIX-AR-0504/node_modules/redis-parser/lib/parser.js". See https://vite.dev/guide/troubleshooting.html#module-externalized-for-browser-compatibility for more details.[39m
[vite]: Rollup failed to resolve import "@conexion/directus-client" from 
"D:/web_javiermix/JAVIERMIX-AR-0504/src/pages/dashboard/login.astro?astro&type=script&index=0&lang.ts".
This is most likely unintended because it can break your application at runtime.
If you do want to externalize this module explicitly add it to
`build.rollupOptions.external`
  [1mStack trace:[22m
[2m    at viteLog 
(file:///D:/web_javiermix/JAVIERMIX-AR-0504/node_modules/astro/node_modules/vite/dist/node/chunks/config.js:33635:57)
    at onwarn (file:///D:/web_javiermix/JAVIERMIX-AR-0504/node_modules/@preact/preset-vite/dist/esm/index.mjs:72:29)
    at onRollupLog 
(file:///D:/web_javiermix/JAVIERMIX-AR-0504/node_modules/astro/node_modules/vite/dist/node/chunks/config.js:33664:63)
    at file:///D:/web_javiermix/JAVIERMIX-AR-0504/node_modules/rollup/dist/es/shared/node-entry.js:21369:32
    at ModuleLoader.handleInvalidResolvedId 
(file:///D:/web_javiermix/JAVIERMIX-AR-0504/node_modules/rollup/dist/es/shared/node-entry.js:22108:26)[22m
